// Jest Snapshot v1, https://goo.gl/fbAQLP

exports[`Storyshots Calculator/Buttons Default 1`] = `
<div
  className="buttons"
>
  <div
    className="row"
  >
    <button
      className="offcolor"
      name="("
      onClick={[Function]}
    >
      (
    </button>
    <button
      className="offcolor"
      name=")"
      onClick={[Function]}
    >
      )
    </button>
    <button
      className="offcolor"
      name="C"
      onClick={[Function]}
    >
      C
    </button>
    <button
      className="offcolor"
      name="B"
      onClick={[Function]}
    >
      ←
    </button>
    <br />
  </div>
  <div
    className="row"
  >
    <button
      name="7"
      onClick={[Function]}
    >
      7
    </button>
    <button
      name="8"
      onClick={[Function]}
    >
      8
    </button>
    <button
      name="9"
      onClick={[Function]}
    >
      9
    </button>
    <button
      className="offcolor"
      name="/"
      onClick={[Function]}
    >
      ÷
    </button>
    <br />
  </div>
  <div
    className="row"
  >
    <button
      name="4"
      onClick={[Function]}
    >
      4
    </button>
    <button
      name="5"
      onClick={[Function]}
    >
      5
    </button>
    <button
      name="6"
      onClick={[Function]}
    >
      6
    </button>
    <button
      className="offcolor"
      name="*"
      onClick={[Function]}
    >
      x
    </button>
    <br />
  </div>
  <div
    className="row"
  >
    <button
      name="1"
      onClick={[Function]}
    >
      1
    </button>
    <button
      name="2"
      onClick={[Function]}
    >
      2
    </button>
    <button
      name="3"
      onClick={[Function]}
    >
      3
    </button>
    <button
      className="offcolor"
      name="+"
      onClick={[Function]}
    >
      +
    </button>
    <br />
  </div>
  <div
    className="row"
  >
    <button
      className="offcolor"
      name="."
      onClick={[Function]}
    >
      .
    </button>
    <button
      name="0"
      onClick={[Function]}
    >
      0
    </button>
    <button
      className="offcolor"
      name="-"
      onClick={[Function]}
    >
      -
    </button>
    <button
      className="accent"
      name="="
      onClick={[Function]}
    >
      =
    </button>
    <br />
  </div>
</div>
`;

exports[`Storyshots Calculator/Screen Default 1`] = `
<div>
  <div
    className="err"
  >
    ERR
  </div>
  <div
    className="story"
  />
  <div
    className="value"
  />
</div>
`;
